// Jest Snapshot v1, https://goo.gl/fbAQLP

exports[`<Footer /> should render properly 1`] = `
<styled.footer>
  <div
    className="footer-wrapper"
  >
    <div
      className="footer-content"
    >
      <FooterBlock
        block={
          Object {
            "links": Array [
              "Tiramisu chocolate",
              "Pastry tart",
              "Pllipop brownie",
            ],
            "title": "Products",
          }
        }
      />
      <FooterBlock
        block={
          Object {
            "links": Array [
              "Tiramisu chocolate",
              "Pastry tart",
              "Pllipop brownie",
            ],
            "title": "Collaboration",
          }
        }
      />
      <div
        className="socials"
      >
        <a
          aria-label="facebook"
          href="https://www.facebook.com/"
        >
          <AiFillFacebook />
        </a>
        <a
          aria-label="twitter"
          href="https://twitter.com/"
        >
          <AiOutlineTwitter />
        </a>
        <a
          aria-label="linkedin"
          href="https://www.linkedin.com/"
        >
          <AiFillLinkedin />
        </a>
        <a
          aria-label="medium"
          href="https://medium.com/"
        >
          <AiOutlineMedium />
        </a>
        <a
          aria-label="github"
          href="https://github.com/"
        >
          <AiFillGithub />
        </a>
      </div>
    </div>
    <div
      className="copyright"
    >
      <span>
        Â© 2003 - 2022 Carrot cake sweet pie Sp. z o.o. All rights reserved.
      </span>
      <Link
        to="/"
      >
        Legal
      </Link>
      <Link
        to="/"
      >
        Privacy policy
      </Link>
      <Link
        to="/"
      >
        Proud to be Open Source
      </Link>
    </div>
  </div>
</styled.footer>
`;
